---
source: src/lib.rs
expression: "test_branches(100.0, 1.0)"
snapshot_kind: text
---
5.0
